// Jest Snapshot v1, https://goo.gl/fbAQLP

exports[`BackBreadcrumb renders with all props 1`] = `
<nav
  className="MuiTypography-root MuiTypography-body1 MuiBreadcrumbs-root css-7a84y9-MuiTypography-root-MuiBreadcrumbs-root"
>
  <ol
    className="MuiBreadcrumbs-ol css-4pdmu4-MuiBreadcrumbs-ol"
  >
    <li
      className="MuiBreadcrumbs-li"
    >
      <a
        className="MuiTypography-root MuiTypography-inherit MuiLink-root MuiLink-underlineHover css-1qt0ygz-MuiTypography-root-MuiLink-root"
        onBlur={[Function]}
        onClick={[Function]}
        onFocus={[Function]}
      >
        <svg
          aria-hidden={true}
          className="MuiSvgIcon-root MuiSvgIcon-fontSizeMedium css-i4bv87-MuiSvgIcon-root"
          data-testid="ArrowLeftIcon"
          focusable="false"
          viewBox="0 0 24 24"
        >
          <path
            d="m14 7-5 5 5 5V7z"
          />
        </svg>
         Back
      </a>
    </li>
  </ol>
</nav>
`;
