// Jest Snapshot v1, https://goo.gl/fbAQLP

exports[`responsive button renders with no props 1`] = `
<button
  class="MuiButtonBase-root MuiButton-root MuiButton-contained MuiButton-containedPrimary MuiButton-sizeMedium MuiButton-containedSizeMedium css-z6a6p6-MuiButtonBase-root-MuiButton-root"
  tabindex="0"
  type="button"
>
  Save
  <span
    class="MuiTouchRipple-root css-8je8zh-MuiTouchRipple-root"
  />
</button>
`;
